// Jest Snapshot v1, https://goo.gl/fbAQLP

exports[`App is set up correctly 1`] = `
<div
  className="app"
>
  <div>
    <nav
      id="nav-background"
    >
      <div
        className="nav-wrapper"
      >
        <a
          className="left"
          href="#"
          id="team-name"
        >
          Team Activity Tracker
        </a>
        <ul
          className="right"
        >
          <li>
            <a
              href="#"
              id="adjust-height"
              onClick={[Function]}
            >
              <i
                className="material-icons"
                id="adjust-height"
              >
                settings
              </i>
            </a>
          </li>
        </ul>
      </div>
    </nav>
  </div>
  <div
    className="row"
  >
    <div
      className="col s1"
      id="side"
    >
      <div
        className="SideNav"
      >
        <a
          aria-current="page"
          className="btn tooltipped waves-effect waves-light card-panel center-align active"
          data-position="right"
          data-tooltip="Home"
          href="/"
          id="sidenav-background"
          onClick={[Function]}
          style={Object {}}
        >
          <i
            className="large white-text material-icons"
          >
            home
          </i>
        </a>
        <a
          aria-current={null}
          className="btn tooltipped waves-effect waves-light card-panel"
          data-position="right"
          data-tooltip="Timeline"
          href="/timeline"
          id="sidenav-background"
          onClick={[Function]}
        >
          <i
            className="white-text material-icons"
          >
            access_time
          </i>
        </a>
        <a
          aria-current={null}
          className="btn tooltipped waves-effect waves-light card-panel center-align"
          data-position="right"
          data-tooltip="Charts"
          href="/charts"
          id="sidenav-background"
          onClick={[Function]}
        >
          <i
            className="white-text material-icons"
          >
            insert_chart
          </i>
        </a>
        <a
          aria-current={null}
          className="btn tooltipped waves-effect waves-light card-panel center-align"
          data-position="right"
          data-testid="SideNav-teams"
          data-tooltip="Teams"
          href="/teams"
          id="sidenav-background"
          onClick={[Function]}
        >
          <i
            className="white-text material-icons"
          >
            group_add
          </i>
        </a>
      </div>
    </div>
    <div
      className="col s11"
      id="component"
    >
      <div>
        <div
          className="row"
          id="row"
        >
          <div
            className="card blue-grey lighten-5"
          >
            <div
              className="card-content black-text"
              id="card-content"
            >
              <div
                className="row"
                id="top-row"
              >
                <div
                  className="col s4"
                  id="col"
                >
                  <img
                    className="circle"
                    id="profile"
                    src={
                      Object {
                        "chrome": Object {
                          "identity": Object {
                            "getProfileUserInfo": [MockFunction],
                            "getRedirectURL": [MockFunction],
                          },
                        },
                      }
                    }
                  />
                </div>
                <div
                  className="col s8"
                >
                  <span
                    className="truncate card-title black-text center-align"
                    id="title"
                  >
                    
                  </span>
                  <div
                    className="divider"
                  />
                  <div
                    className="row"
                  >
                    <div
                      className="col s4"
                      id="col"
                    >
                      <p
                        className="center-align"
                        id="top"
                      >
                        
                      </p>
                      <p
                        className="center-align blue-grey-text text-darken-1"
                        id="bottom"
                      >
                        Code
                      </p>
                    </div>
                    <div
                      className="col s4"
                      id="col"
                    >
                      <p
                        className="center-align"
                        id="top"
                      >
                        0
                      </p>
                      <p
                        className="center-align dropdown-trigger blue-grey-text text-darken-1"
                        data-target="people"
                        id="bottom"
                      >
                        Members
                      </p>
                      <ul
                        className="dropdown-content collection"
                        id="people"
                      />
                    </div>
                    <div
                      className="col s4"
                      id="col"
                    >
                      <p
                        className="center-align"
                        id="top"
                      >
                        100
                      </p>
                      <p
                        className="center-align blue-grey-text text-darken-1"
                        id="bottom"
                      >
                        Points
                      </p>
                    </div>
                  </div>
                </div>
              </div>
              <div
                className="card-action"
              >
                <div
                  className="row"
                >
                  <div
                    className="col s6"
                    id="col"
                  >
                    <button
                      className="rs-btn rs-btn-ghost tooltipped truncate rs-btn-sm rs-btn-block"
                      data-html="true"
                      data-position="bottom"
                      data-tooltip="Add current website to black list"
                      id="blacklist-button"
                      onClick={[Function]}
                      style={
                        Object {
                          "backgroundColor": "transparent",
                        }
                      }
                      type="button"
                    >
                      unknown website
                    </button>
                  </div>
                  <div
                    className="col s6"
                    id="col"
                  >
                    <div
                      className="switch right"
                      id="checkin"
                    >
                      <label>
                        Check off
                        <input
                          checked={false}
                          onChange={[Function]}
                          type="checkbox"
                        />
                        <span
                          className="lever"
                        />
                        Check in
                      </label>
                    </div>
                  </div>
                </div>
              </div>
            </div>
          </div>
        </div>
        <div
          className="row"
          id="row"
        >
          <div
            className="valign-wrapper card blue-grey lighten-5"
            id="mini-timeline-wrapper"
          >
            <div
              id="mini-timeline"
            >
              <ul
                className="rs-timeline rs-timeline-align-left"
              />
            </div>
          </div>
        </div>
      </div>
    </div>
  </div>
</div>
`;
